[KMU00151931X:inoutrab jrab0004$ git remot add origin hhtpsL/[K[K[K[K[K[Kttps:githu.[Kb.com/rabsjo/[K[Kp/inoutpaper.git
git: 'remot' is not a git command. See 'git --help'.

The most similar command is
	remote
]0;~/Desktop/jotarepos/inoutrabMU00151931X:inoutrab jrab0004$ git remot add origin https:github.com/rabsjp/inoutpaper.git;outpaper.git9outpaper.gitDoutpaper.git;outpaper.git9outpaper.gitDoutpaper.git\outpaper.git[1Poutpaper.git[1Poutpaper.git[1Poutpaper.git[1Poutpaper.git[1Poutpaper.git[1Poutpaper.git[1Poutpaper.git[C[C[C[C[C[C[C[C[C[C[C[C[C[C[C[C[C[C[C[C[C[C[C[C[C[C[C[C[C[C[C[C[C[C[C[C[C[C[C[C[1@e
]0;~/Desktop/jotarepos/inoutrabMU00151931X:inoutrab jrab0004$ gis[Kt push -u origin master
error: src refspec master does not match any.
error: failed to push some refs to 'https:github.com/rabsjp/inoutpaper.git'
]0;~/Desktop/jotarepos/inoutrabMU00151931X:inoutrab jrab0004$ git init . 
Reinitialized existing Git repository in /Users/jrab0004/Desktop/jotarepos/inoutrab/.git/
]0;~/Desktop/jotarepos/inoutrabMU00151931X:inoutrab jrab0004$ git init . push -u origin masterremote add origin https:github.com/rabsjp/inoutpaper.git/github.com/rabsjp/inoutpaper.git/github.com/rabsjp/inoutpaper.git
fatal: remote origin already exists.
]0;~/Desktop/jotarepos/inoutrabMU00151931X:inoutrab jrab0004$ git remote rm origin
]0;~/Desktop/jotarepos/inoutrabMU00151931X:inoutrab jrab0004$ git remote rm originadd origin https://github.com/rabsjp/inoutpaper.git
]0;~/Desktop/jotarepos/inoutrabMU00151931X:inoutrab jrab0004$ git remote add origin https://github.com/rabsjp/inoutpaper.git[C[C[C[C[C[C[C[C[C[C[C[C[C[C[C[C[C[C[C[C[C[C[C[C[C[C[C[C[C[C[C[C[C[C[C[C[C[C[C[C[C[Crm origin[Kadd origin https://github.com/rabsjp/inoutpaper.git[C[C[C[C[C[C[C[C[C[C[C[C[C[C[C[C[C[C[C[C[C[C[C[C[C[C[C[C[C[C[C[C[C[C[Cinit . [Kpush -u origin master
error: src refspec master does not match any.
error: failed to push some refs to 'https://github.com/rabsjp/inoutpaper.git'
]0;~/Desktop/jotarepos/inoutrabMU00151931X:inoutrab jrab0004$ [KMU00151931X:inoutrab jrab0004$ gig[Kt config --global user.name "rabsjo[KP[Kl[Kp"
]0;~/Desktop/jotarepos/inoutrabMU00151931X:inoutrab jrab0004$ git config --global user.email "jeanpaulrab@gmail.com"
]0;~/Desktop/jotarepos/inoutrabMU00151931X:inoutrab jrab0004$ git config --global user.email "jeanpaulrab@gmail.com"[C[C[C[C[C[C[C[C[C[C[C[C[C[C[C[C[C[C[C[C[C[C[C[C[C[C[C[C[C[C[C[Kgit config --global user.email "jeanpaulrab@gmail.com"[16Pname "rabsjp"[13Ppush -u origin master
error: src refspec master does not match any.
error: failed to push some refs to 'https://github.com/rabsjp/inoutpaper.git'
]0;~/Desktop/jotarepos/inoutrabMU00151931X:inoutrab jrab0004$ git push -u origin masterconfig --global user.email "jeanpaulrab@gmail.com"[16Pname "rabsjp"[13Ppush -u origin masterremote add origin https://github.com/rabsjp/inoutpaper.git
fatal: remote origin already exists.
]0;~/Desktop/jotarepos/inoutrabMU00151931X:inoutrab jrab0004$ git remote add origin https://github.com/rabsjp/inoutpaper.git[C[C[C[C[C[C[C[C[C[C[C[C[C[C[C[C[C[C[C[C[C[C[C[C[C[C[C[C[C[C[C[C[C[C[C[37Ppush -u origin masterconfig --global user.email "jeanpaulrab@gmail.com"[16Pname "rabsjp"[13Ppush -u origin masterremote add origin https://github.com/rabsjp/inoutpaper.git[C[C[C[C[C[C[C[C[C[C[C[C[C[C[C[C[C[C[C[C[C[C[C[C[C[C[C[C[C[C[C[C[C[C[C[C[C[C[C[C[C[Crm origin[K
]0;~/Desktop/jotarepos/inoutrabMU00151931X:inoutrab jrab0004$ git remote rm originadd origin https://github.com/rabsjp/inoutpaper.git[C[C[C[C[C[C[C[C[C[C[C[C[C[C[C[C[C[C[C[C[C[C[C[C[C[C[C[C[C[C[C[C[C[C[C[37Ppush -u origin masterconfig --global user.email "jeanpaulrab@gmail.com"[16Pname "rabsjp"[13Ppush -u origin masterremote add origin https://github.com/rabsjp/inoutpaper.git
]0;~/Desktop/jotarepos/inoutrabMU00151931X:inoutrab jrab0004$ git remote add origin https://github.com/rabsjp/inoutpaper.git[C[C[C[C[C[C[C[C[C[C[C[C[C[C[C[C[C[C[C[C[C[C[C[C[C[C[C[C[C[C[C[C[C[C[C[C[C[C[C[C[C[Crm origin[Kadd origin https://github.com/rabsjp/inoutpaper.git[C[C[C[C[C[C[C[C[C[C[C[C[C[C[C[C[C[C[C[C[C[C[C[C[C[C[C[C[C[C[C[C[C[C[C[37Ppush -u origin master
error: src refspec master does not match any.
error: failed to push some refs to 'https://github.com/rabsjp/inoutpaper.git'
]0;~/Desktop/jotarepos/inoutrabMU00151931X:inoutrab jrab0004$ git push -u origin master
error: src refspec master does not match any.
error: failed to push some refs to 'https://github.com/rabsjp/inoutpaper.git'
]0;~/Desktop/jotarepos/inoutrabMU00151931X:inoutrab jrab0004$ git push -u origin masterremote add origin https://github.com/rabsjp/inoutpaper.git[C[C[C[C[C[C[C[C[C[C[C[C[C[C[C[C[C[C[C[C[C[C[C[C[C[C[C[C[C[C[C[C[C[C[C[C[C[C[C[C[C[Crm origin[K
]0;~/Desktop/jotarepos/inoutrabMU00151931X:inoutrab jrab0004$ git remote rm originpush -u origin masterremote add origin https://github.com/rabsjp/inoutpaper.git
]0;~/Desktop/jotarepos/inoutrabMU00151931X:inoutrab jrab0004$ git remote add origin https://github.com/rabsjp/inoutpaper.git[C[C[C[C[C[C[C[C[C[C[C[C[C[C[C[C[C[C[C[C[C[C[C[C[C[C[C[C[C[C[C[C[C[C[C[C[C[C[C[C[C[Crm origin[Kpush -u origin master
error: src refspec master does not match any.
error: failed to push some refs to 'https://github.com/rabsjp/inoutpaper.git'
]0;~/Desktop/jotarepos/inoutrabMU00151931X:inoutrab jrab0004$ git commit -m "initial commit"
On branch master

Initial commit

Untracked files:
	[31m.Rhistory[m
	[31m.Rproj.user/[m
	[31mcustom.css[m
	[31mexample.png[m
	[31mfmtsimu.R[m
	[31minoutarea.mov[m
	[31minoutppt.Rmd[m
	[31minoutppt.html[m
	[31minoutrab.Rproj[m
	[31mjarabe.R[m
	[31mmedianspell.png[m
	[31moutline.Rmd[m
	[31moutline.nb.html[m
	[31mpout.png[m
	[31mrun_fmtsimu.R[m
	[31msurv_weibull.png[m
	[31mtableswitch.png[m

nothing added to commit but untracked files present
]0;~/Desktop/jotarepos/inoutrabMU00151931X:inoutrab jrab0004$ git add . 
]0;~/Desktop/jotarepos/inoutrabMU00151931X:inoutrab jrab0004$ git add . commit -m "initial commit"
[master (root-commit) a114b98] initial commit
 60 files changed, 2283 insertions(+)
 create mode 100644 .Rhistory
 create mode 100644 .Rproj.user/2895CCF0/build_options
 create mode 100644 .Rproj.user/2895CCF0/console06/4A632BCA
 create mode 100644 .Rproj.user/2895CCF0/console06/4A632BCA.env
 create mode 100644 .Rproj.user/2895CCF0/console06/INDEX001
 create mode 100644 .Rproj.user/2895CCF0/pcs/files-pane.pper
 create mode 100644 .Rproj.user/2895CCF0/pcs/source-pane.pper
 create mode 100644 .Rproj.user/2895CCF0/pcs/windowlayoutstate.pper
 create mode 100644 .Rproj.user/2895CCF0/pcs/workbench-pane.pper
 create mode 100644 .Rproj.user/2895CCF0/rmd-outputs
 create mode 100644 .Rproj.user/2895CCF0/saved_source_markers
 create mode 100644 .Rproj.user/2895CCF0/sources/prop/1B5062F9
 create mode 100644 .Rproj.user/2895CCF0/sources/prop/408CB27
 create mode 100644 .Rproj.user/2895CCF0/sources/prop/510FB1
 create mode 100644 .Rproj.user/2895CCF0/sources/prop/98D51A8C
 create mode 100644 .Rproj.user/2895CCF0/sources/prop/B020B932
 create mode 100644 .Rproj.user/2895CCF0/sources/prop/D6F85BF2
 create mode 100644 .Rproj.user/2895CCF0/sources/prop/INDEX
 create mode 100644 .Rproj.user/2895CCF0/sources/s-4815241F/76F5E32C-contents
 create mode 100644 .Rproj.user/2895CCF0/sources/s-4815241F/83DFED1D-contents
 create mode 100644 .Rproj.user/2895CCF0/sources/s-4815241F/9A982CCB-contents
 create mode 100644 .Rproj.user/2895CCF0/sources/s-4815241F/C3A99EF6-contents
 create mode 100644 .Rproj.user/2895CCF0/sources/s-4815241F/lock_file
 create mode 100644 .Rproj.user/shared/notebooks/83930F9-inoutppt/1/2895CCF0221CED84/chunks.json
 create mode 100644 .Rproj.user/shared/notebooks/83930F9-inoutppt/1/s/chunks.json
 create mode 100644 .Rproj.user/shared/notebooks/8499BC09-outline/1/2895CCF026B6EBDB/chunks.json
 create mode 100644 .Rproj.user/shared/notebooks/8499BC09-outline/1/2895CCF04AAEFFC6/chunks.json
 create mode 100644 .Rproj.user/shared/notebooks/8499BC09-outline/1/2895CCF08AB4C542/chunks.json
 create mode 100644 .Rproj.user/shared/notebooks/8499BC09-outline/1/2895CCF0CBD9BAA2/chunks.json
 create mode 100644 .Rproj.user/shared/notebooks/8499BC09-outline/1/2895CCF0D12F88FD/chunks.json
 create mode 100644 .Rproj.user/shared/notebooks/8499BC09-outline/1/s/c4xr05sqkks27/000026.csv
 create mode 100644 .Rproj.user/shared/notebooks/8499BC09-outline/1/s/c4xr05sqkks27/000028.csv
 create mode 100644 .Rproj.user/shared/notebooks/8499BC09-outline/1/s/c4xr05sqkks27/00002a.csv
 create mode 100644 .Rproj.user/shared/notebooks/8499BC09-outline/1/s/c4xr05sqkks27/00002b.metadata
 create mode 100644 .Rproj.user/shared/notebooks/8499BC09-outline/1/s/c4xr05sqkks27/00002b.png
 create mode 100644 .Rproj.user/shared/notebooks/8499BC09-outline/1/s/c4xr05sqkks27/00002b.snapshot
 create mode 100644 .Rproj.user/shared/notebooks/8499BC09-outline/1/s/c4xr05sqkks27/00002c.csv
 create mode 100644 .Rproj.user/shared/notebooks/8499BC09-outline/1/s/c4xr05sqkks27/00002e.csv
 create mode 100644 .Rproj.user/shared/notebooks/8499BC09-outline/1/s/c4xr05sqkks27/000030.csv
 create mode 100644 .Rproj.user/shared/notebooks/8499BC09-outline/1/s/c4xr05sqkks27/000031.metadata
 create mode 100644 .Rproj.user/shared/notebooks/8499BC09-outline/1/s/c4xr05sqkks27/000031.png
 create mode 100644 .Rproj.user/shared/notebooks/8499BC09-outline/1/s/c4xr05sqkks27/000031.snapshot
 create mode 100644 .Rproj.user/shared/notebooks/8499BC09-outline/1/s/chunks.json
 create mode 100644 .Rproj.user/shared/notebooks/patch-chunk-names
 create mode 100644 .Rproj.user/shared/notebooks/paths
 create mode 100644 custom.css
 create mode 100644 example.png
 create mode 100644 fmtsimu.R
 create mode 100644 inoutarea.mov
 create mode 100644 inoutppt.Rmd
 create mode 100644 inoutppt.html
 create mode 100644 inoutrab.Rproj
 create mode 100644 jarabe.R
 create mode 100644 medianspell.png
 create mode 100644 outline.Rmd
 create mode 100644 outline.nb.html
 create mode 100644 pout.png
 create mode 100644 run_fmtsimu.R
 create mode 100644 surv_weibull.png
 create mode 100644 tableswitch.png
]0;~/Desktop/jotarepos/inoutrabMU00151931X:inoutrab jrab0004$ git commit -m "initial commit"add . [K[K[K[K[K[K[Kpush origin master
Counting objects: 74, done.
Delta compression using up to 8 threads.
Compressing objects:   1% (1/60)   Compressing objects:   3% (2/60)   Compressing objects:   5% (3/60)   Compressing objects:   6% (4/60)   Compressing objects:   8% (5/60)   Compressing objects:  10% (6/60)   Compressing objects:  11% (7/60)   Compressing objects:  13% (8/60)   Compressing objects:  15% (9/60)   Compressing objects:  16% (10/60)   Compressing objects:  18% (11/60)   Compressing objects:  20% (12/60)   Compressing objects:  21% (13/60)   Compressing objects:  23% (14/60)   Compressing objects:  25% (15/60)   Compressing objects:  26% (16/60)   Compressing objects:  28% (17/60)   Compressing objects:  30% (18/60)   Compressing objects:  31% (19/60)   Compressing objects:  33% (20/60)   Compressing objects:  35% (21/60)   Compressing objects:  36% (22/60)   Compressing objects:  38% (23/60)   Compressing objects:  40% (24/60)   Compressing objects:  41% (25/60)   Compressing objects:  43% (26/60)   Compressing objects:  45% (27/60)   Compressing objects:  46% (28/60)   Compressing objects:  48% (29/60)   Compressing objects:  50% (30/60)   Compressing objects:  51% (31/60)   Compressing objects:  53% (32/60)   Compressing objects:  55% (33/60)   Compressing objects:  56% (34/60)   Compressing objects:  58% (35/60)   Compressing objects:  60% (36/60)   Compressing objects:  61% (37/60)   Compressing objects:  63% (38/60)   Compressing objects:  65% (39/60)   Compressing objects:  66% (40/60)   Compressing objects:  68% (41/60)   Compressing objects:  70% (42/60)   Compressing objects:  71% (43/60)   Compressing objects:  73% (44/60)   Compressing objects:  75% (45/60)   Compressing objects:  76% (46/60)   Compressing objects:  78% (47/60)   Compressing objects:  80% (48/60)   Compressing objects:  81% (49/60)   Compressing objects:  83% (50/60)   Compressing objects:  85% (51/60)   Compressing objects:  86% (52/60)   Compressing objects:  88% (53/60)   Compressing objects:  90% (54/60)   Compressing objects:  91% (55/60)   Compressing objects:  93% (56/60)   Compressing objects:  95% (57/60)   Compressing objects:  96% (58/60)   Compressing objects:  98% (59/60)   Compressing objects: 100% (60/60)   Compressing objects: 100% (60/60), done.
Writing objects:   1% (1/74)   Writing objects:   2% (2/74)   Writing objects:   4% (3/74)   Writing objects:   5% (4/74)   Writing objects:   6% (5/74)   Writing objects:   8% (6/74)   Writing objects:   9% (7/74)   Writing objects:  10% (8/74)   Writing objects:  12% (9/74)   Writing objects:  13% (10/74)   Writing objects:  14% (11/74)   Writing objects:  16% (12/74)   Writing objects:  17% (13/74)   Writing objects:  18% (14/74)   Writing objects:  20% (15/74)   Writing objects:  21% (16/74)   Writing objects:  22% (17/74)   Writing objects:  24% (18/74)   Writing objects:  25% (19/74)   Writing objects:  27% (20/74)   Writing objects:  28% (21/74)   Writing objects:  29% (22/74)   Writing objects:  31% (23/74)   Writing objects:  32% (24/74)   Writing objects:  33% (25/74)   Writing objects:  35% (26/74)   Writing objects:  36% (27/74)   Writing objects:  37% (28/74)   Writing objects:  39% (29/74)   Writing objects:  40% (30/74)   Writing objects:  41% (31/74)   Writing objects:  43% (32/74)   Writing objects:  44% (33/74)   Writing objects:  45% (34/74)   Writing objects:  47% (35/74)   Writing objects:  48% (36/74)   Writing objects:  50% (37/74)   Writing objects:  51% (38/74)   Writing objects:  52% (39/74)   Writing objects:  54% (40/74)   Writing objects:  55% (41/74)   Writing objects:  58% (43/74)   Writing objects:  59% (44/74)   Writing objects:  60% (45/74)   Writing objects:  62% (46/74)   Writing objects:  63% (47/74)   Writing objects:  64% (48/74)   Writing objects:  66% (49/74)   Writing objects:  67% (50/74)   Writing objects:  68% (51/74)   Writing objects:  70% (52/74)   Writing objects:  71% (53/74)   Writing objects:  72% (54/74)   Writing objects:  74% (55/74)   Writing objects:  75% (56/74)   Writing objects:  77% (57/74)   Writing objects:  78% (58/74)   Writing objects:  79% (59/74)   Writing objects:  81% (60/74)   Writing objects:  82% (61/74)   Writing objects:  83% (62/74)   Writing objects:  85% (63/74)   Writing objects:  86% (64/74)   Writing objects:  87% (65/74)   Writing objects:  87% (65/74), 1.07 MiB | 472.00 KiB/s   Writing objects:  87% (65/74), 3.75 MiB | 620.00 KiB/s   Writing objects:  87% (65/74), 4.50 MiB | 659.00 KiB/s   Writing objects:  87% (65/74), 4.50 MiB | 212.00 KiB/s   Writing objects:  87% (65/74), 4.63 MiB | 212.00 KiB/s   Writing objects:  87% (65/74), 4.94 MiB | 216.00 KiB/s   Writing objects:  87% (65/74), 5.56 MiB | 206.00 KiB/s   Writing objects:  87% (65/74), 6.06 MiB | 131.00 KiB/s   Writing objects:  87% (65/74), 7.38 MiB | 152.00 KiB/s   Writing objects:  87% (65/74), 8.88 MiB | 853.00 KiB/s   Writing objects:  87% (65/74), 8.94 MiB | 825.00 KiB/s   Writing objects:  87% (65/74), 8.94 MiB | 453.00 KiB/s   Writing objects:  89% (66/74), 8.94 MiB | 453.00 KiB/s   Writing objects:  90% (67/74), 8.94 MiB | 453.00 KiB/s   Writing objects:  90% (67/74), 9.59 MiB | 479.00 KiB/s   Writing objects:  90% (67/74), 11.71 MiB | 628.00 KiB/s   Writing objects:  90% (67/74), 12.52 MiB | 653.00 KiB/s   Writing objects:  90% (67/74), 12.52 MiB | 497.00 KiB/s   Writing objects:  90% (67/74), 13.21 MiB | 484.00 KiB/s   Writing objects:  90% (67/74), 14.02 MiB | 490.00 KiB/s   Writing objects:  90% (67/74), 15.52 MiB | 990.00 KiB/s   Writing objects:  90% (67/74), 17.21 MiB | 1000.00 KiB/s   Writing objects:  90% (67/74), 18.84 MiB | 1008.00 KiB/s   Writing objects:  90% (67/74), 19.90 MiB | 1.25 MiB/s   Writing objects:  91% (68/74), 19.90 MiB | 1.04 MiB/s   Writing objects:  93% (69/74), 19.90 MiB | 1.04 MiB/s   Writing objects:  94% (70/74), 19.90 MiB | 1.04 MiB/s   Writing objects:  95% (71/74), 19.90 MiB | 1.04 MiB/s   Writing objects:  97% (72/74), 19.90 MiB | 1.04 MiB/s   Writing objects:  98% (73/74), 19.90 MiB | 1.04 MiB/s   Writing objects: 100% (74/74), 19.90 MiB | 1.04 MiB/s   Writing objects: 100% (74/74), 20.63 MiB | 476.00 KiB/s, done.
Total 74 (delta 7), reused 0 (delta 0)
remote: Resolving deltas:   0% (0/7)   [Kremote: Resolving deltas:  14% (1/7)   [Kremote: Resolving deltas:  28% (2/7)   [Kremote: Resolving deltas:  42% (3/7)   [Kremote: Resolving deltas: 100% (7/7)   [Kremote: Resolving deltas: 100% (7/7), done.[K
To https://github.com/rabsjp/inoutpaper.git
 * [new branch]      master -> master
[KMU00151931X:inoutrab jrab0004$ git add . 
]0;~/Desktop/jotarepos/inoutrabMU00151931X:inoutrab jrab0004$ git commit -m "april29:[K"
[master 48ceb7c] april29
 38 files changed, 884 insertions(+), 1027 deletions(-)
 rewrite .Rproj.user/2895CCF0/console06/INDEX001 (86%)
 delete mode 100644 .Rproj.user/2895CCF0/sources/s-4815241F/76F5E32C-contents
 delete mode 100644 .Rproj.user/2895CCF0/sources/s-4815241F/83DFED1D-contents
 delete mode 100644 .Rproj.user/2895CCF0/sources/s-4815241F/9A982CCB-contents
 delete mode 100644 .Rproj.user/2895CCF0/sources/s-4815241F/C3A99EF6-contents
 delete mode 100644 .Rproj.user/2895CCF0/sources/s-4815241F/lock_file
 delete mode 100644 .Rproj.user/shared/notebooks/8499BC09-outline/1/s/c4xr05sqkks27/000026.csv
 delete mode 100644 .Rproj.user/shared/notebooks/8499BC09-outline/1/s/c4xr05sqkks27/000028.csv
 delete mode 100644 .Rproj.user/shared/notebooks/8499BC09-outline/1/s/c4xr05sqkks27/00002a.csv
 delete mode 100644 .Rproj.user/shared/notebooks/8499BC09-outline/1/s/c4xr05sqkks27/00002b.metadata
 delete mode 100644 .Rproj.user/shared/notebooks/8499BC09-outline/1/s/c4xr05sqkks27/00002b.png
 delete mode 100644 .Rproj.user/shared/notebooks/8499BC09-outline/1/s/c4xr05sqkks27/00002b.snapshot
 delete mode 100644 .Rproj.user/shared/notebooks/8499BC09-outline/1/s/c4xr05sqkks27/00002c.csv
 delete mode 100644 .Rproj.user/shared/notebooks/8499BC09-outline/1/s/c4xr05sqkks27/00002e.csv
 delete mode 100644 .Rproj.user/shared/notebooks/8499BC09-outline/1/s/c4xr05sqkks27/000030.csv
 delete mode 100644 .Rproj.user/shared/notebooks/8499BC09-outline/1/s/c4xr05sqkks27/000031.metadata
 delete mode 100644 .Rproj.user/shared/notebooks/8499BC09-outline/1/s/c4xr05sqkks27/000031.png
 delete mode 100644 .Rproj.user/shared/notebooks/8499BC09-outline/1/s/c4xr05sqkks27/000031.snapshot
 create mode 100644 .gitignore
 create mode 100644 inoutarea.pdf
 create mode 100644 inoutpc.m4v
 rewrite inoutppt.html (90%)
]0;~/Desktop/jotarepos/inoutrabMU00151931X:inoutrab jrab0004$ gis[Kt push origin master
Counting objects: 37, done.
Delta compression using up to 8 threads.
Compressing objects:   3% (1/29)   Compressing objects:   6% (2/29)   Compressing objects:  10% (3/29)   Compressing objects:  13% (4/29)   Compressing objects:  17% (5/29)   Compressing objects:  20% (6/29)   Compressing objects:  24% (7/29)   Compressing objects:  27% (8/29)   Compressing objects:  31% (9/29)   Compressing objects:  34% (10/29)   Compressing objects:  37% (11/29)   Compressing objects:  41% (12/29)   Compressing objects:  44% (13/29)   Compressing objects:  48% (14/29)   Compressing objects:  51% (15/29)   Compressing objects:  55% (16/29)   Compressing objects:  58% (17/29)   Compressing objects:  62% (18/29)   Compressing objects:  65% (19/29)   Compressing objects:  68% (20/29)   Compressing objects:  72% (21/29)   Compressing objects:  75% (22/29)   Compressing objects:  79% (23/29)   Compressing objects:  82% (24/29)   Compressing objects:  86% (25/29)   Compressing objects:  89% (26/29)   Compressing objects:  93% (27/29)   Compressing objects:  96% (28/29)   Compressing objects: 100% (29/29)   Compressing objects: 100% (29/29), done.
Writing objects:   2% (1/37)   Writing objects:   5% (2/37)   Writing objects:   8% (3/37)   Writing objects:  10% (4/37)   Writing objects:  13% (5/37)   Writing objects:  16% (6/37)   Writing objects:  18% (7/37)   Writing objects:  21% (8/37)   Writing objects:  24% (9/37)   Writing objects:  27% (10/37)   Writing objects:  29% (11/37)   Writing objects:  32% (12/37)   Writing objects:  35% (13/37)   Writing objects:  37% (14/37)   Writing objects:  40% (15/37)   Writing objects:  43% (16/37)   Writing objects:  45% (17/37)   Writing objects:  48% (18/37)   Writing objects:  51% (19/37)   Writing objects:  54% (20/37)   Writing objects:  56% (21/37)   Writing objects:  59% (22/37)   Writing objects:  62% (23/37)   Writing objects:  64% (24/37)   Writing objects:  67% (25/37)   Writing objects:  70% (26/37)   Writing objects:  72% (27/37)   Writing objects:  75% (28/37)   Writing objects:  78% (29/37)   Writing objects:  81% (30/37)   Writing objects:  83% (31/37)   Writing objects:  83% (31/37), 1.07 MiB | 220.00 KiB/s   Writing objects:  83% (31/37), 1.19 MiB | 192.00 KiB/s   Writing objects:  83% (31/37), 1.25 MiB | 185.00 KiB/s   Writing objects:  83% (31/37), 1.37 MiB | 183.00 KiB/s   Writing objects:  83% (31/37), 1.50 MiB | 172.00 KiB/s   Writing objects:  83% (31/37), 1.62 MiB | 171.00 KiB/s   Writing objects:  83% (31/37), 1.81 MiB | 116.00 KiB/s   Writing objects:  83% (31/37), 1.94 MiB | 123.00 KiB/s   Writing objects:  83% (31/37), 2.06 MiB | 133.00 KiB/s   Writing objects:  83% (31/37), 2.19 MiB | 141.00 KiB/s   Writing objects:  83% (31/37), 2.50 MiB | 156.00 KiB/s   Writing objects:  83% (31/37), 2.69 MiB | 179.00 KiB/s   Writing objects:  83% (31/37), 3.31 MiB | 254.00 KiB/s   Writing objects:  83% (31/37), 4.13 MiB | 384.00 KiB/s   Writing objects:  83% (31/37), 4.69 MiB | 473.00 KiB/s   Writing objects:  83% (31/37), 6.00 MiB | 705.00 KiB/s   Writing objects:  83% (31/37), 7.81 MiB | 1.01 MiB/s   Writing objects:  83% (31/37), 9.38 MiB | 1.28 MiB/s   Writing objects:  86% (32/37), 9.38 MiB | 1.28 MiB/s   Writing objects:  89% (33/37), 9.38 MiB | 1.28 MiB/s   Writing objects:  91% (34/37), 9.38 MiB | 1.28 MiB/s   Writing objects:  94% (35/37), 9.38 MiB | 1.28 MiB/s   Writing objects:  97% (36/37), 9.38 MiB | 1.28 MiB/s   Writing objects: 100% (37/37), 9.38 MiB | 1.28 MiB/s   Writing objects: 100% (37/37), 10.15 MiB | 462.00 KiB/s, done.
Total 37 (delta 13), reused 0 (delta 0)
remote: Resolving deltas:   0% (0/13)   [Kremote: Resolving deltas:   7% (1/13)   [Kremote: Resolving deltas:  15% (2/13)   [Kremote: Resolving deltas:  23% (3/13)   [Kremote: Resolving deltas:  30% (4/13)   [Kremote: Resolving deltas:  38% (5/13)   [Kremote: Resolving deltas:  46% (6/13)   [Kremote: Resolving deltas:  53% (7/13)   [Kremote: Resolving deltas:  61% (8/13)   [Kremote: Resolving deltas:  69% (9/13)   [Kremote: Resolving deltas:  76% (10/13)   [Kremote: Resolving deltas:  84% (11/13)   [Kremote: Resolving deltas:  92% (12/13)   [Kremote: Resolving deltas: 100% (13/13)   [Kremote: Resolving deltas: 100% (13/13), completed with 13 local objects.[K
To https://github.com/rabsjp/inoutpaper.git
   a114b98..48ceb7c  master -> master
[KMU00151931X:inoutrab jrab0004$ redis-server /usr/local/etc/redis.confcli ping[Kbrew install redis[4Predis-cli pingotree runprodserver 8080[11Pesetdbpip install -r requirements_base.txt[C[C[C[C[C[C[C[C[C[C[C[C[C[C[C[C[C[C[C[C[C[C[C[C[C[C[C[C[C[C[C[23Potree resetdbunprodserver 8080[10Predis-cli pingbrew install redis[4Predis-cli pingserver /usr/local/etc/redis.conf[C[C[C[C[C[C[C[C[C[C[C[C[C[C[C[C[C[C[C[C[C[C[C[C[C[C[C[C[C[C[C[Kgit add . 
]0;~/Desktop/jotarepos/inoutrabMU00151931X:inoutrab jrab0004$ git push origin master
Everything up-to-date
]0;~/Desktop/jotarepos/inoutrabMU00151931X:inoutrab jrab0004$ git commit -m "cincodemayo:[K"
[master e83c3b4] cincodemayo
 25 files changed, 7640 insertions(+), 546 deletions(-)
 create mode 100644 .DS_Store
 rewrite .Rhistory (99%)
 rewrite .Rproj.user/2895CCF0/console06/INDEX001 (86%)
 create mode 100644 codes/getall.R
 create mode 100644 data/.DS_Store
 create mode 100644 data/O/InOut0tue29330.csv
 create mode 100644 data/U/InOutUtue291245.csv
]0;~/Desktop/jotarepos/inoutrabMU00151931X:inoutrab jrab0004$ git commit -m "cincodemayo"[5Ppush origin master
Enumerating objects: 74, done.
Counting objects:   1% (1/74)   Counting objects:   2% (2/74)   Counting objects:   4% (3/74)   Counting objects:   5% (4/74)   Counting objects:   6% (5/74)   Counting objects:   8% (6/74)   Counting objects:   9% (7/74)   Counting objects:  10% (8/74)   Counting objects:  12% (9/74)   Counting objects:  13% (10/74)   Counting objects:  14% (11/74)   Counting objects:  16% (12/74)   Counting objects:  17% (13/74)   Counting objects:  18% (14/74)   Counting objects:  20% (15/74)   Counting objects:  21% (16/74)   Counting objects:  22% (17/74)   Counting objects:  24% (18/74)   Counting objects:  25% (19/74)   Counting objects:  27% (20/74)   Counting objects:  28% (21/74)   Counting objects:  29% (22/74)   Counting objects:  31% (23/74)   Counting objects:  32% (24/74)   Counting objects:  33% (25/74)   Counting objects:  35% (26/74)   Counting objects:  36% (27/74)   Counting objects:  37% (28/74)   Counting objects:  39% (29/74)   Counting objects:  40% (30/74)   Counting objects:  41% (31/74)   Counting objects:  43% (32/74)   Counting objects:  44% (33/74)   Counting objects:  45% (34/74)   Counting objects:  47% (35/74)   Counting objects:  48% (36/74)   Counting objects:  50% (37/74)   Counting objects:  51% (38/74)   Counting objects:  52% (39/74)   Counting objects:  54% (40/74)   Counting objects:  55% (41/74)   Counting objects:  56% (42/74)   Counting objects:  58% (43/74)   Counting objects:  59% (44/74)   Counting objects:  60% (45/74)   Counting objects:  62% (46/74)   Counting objects:  63% (47/74)   Counting objects:  64% (48/74)   Counting objects:  66% (49/74)   Counting objects:  67% (50/74)   Counting objects:  68% (51/74)   Counting objects:  70% (52/74)   Counting objects:  71% (53/74)   Counting objects:  72% (54/74)   Counting objects:  74% (55/74)   Counting objects:  75% (56/74)   Counting objects:  77% (57/74)   Counting objects:  78% (58/74)   Counting objects:  79% (59/74)   Counting objects:  81% (60/74)   Counting objects:  82% (61/74)   Counting objects:  83% (62/74)   Counting objects:  85% (63/74)   Counting objects:  86% (64/74)   Counting objects:  87% (65/74)   Counting objects:  89% (66/74)   Counting objects:  90% (67/74)   Counting objects:  91% (68/74)   Counting objects:  93% (69/74)   Counting objects:  94% (70/74)   Counting objects:  95% (71/74)   Counting objects:  97% (72/74)   Counting objects:  98% (73/74)   Counting objects: 100% (74/74)   Counting objects: 100% (74/74), done.
Delta compression using up to 8 threads
Compressing objects:   2% (1/35)   Compressing objects:   5% (2/35)   Compressing objects:   8% (3/35)   Compressing objects:  11% (4/35)   Compressing objects:  14% (5/35)   Compressing objects:  17% (6/35)   Compressing objects:  20% (7/35)   Compressing objects:  22% (8/35)   Compressing objects:  25% (9/35)   Compressing objects:  28% (10/35)   Compressing objects:  31% (11/35)   Compressing objects:  34% (12/35)   Compressing objects:  37% (13/35)   Compressing objects:  40% (14/35)   Compressing objects:  42% (15/35)   Compressing objects:  45% (16/35)   Compressing objects:  48% (17/35)   Compressing objects:  51% (18/35)   Compressing objects:  54% (19/35)   Compressing objects:  57% (20/35)   Compressing objects:  60% (21/35)   Compressing objects:  62% (22/35)   Compressing objects:  65% (23/35)   Compressing objects:  68% (24/35)   Compressing objects:  71% (25/35)   Compressing objects:  74% (26/35)   Compressing objects:  77% (27/35)   Compressing objects:  80% (28/35)   Compressing objects:  82% (29/35)   Compressing objects:  85% (30/35)   Compressing objects:  88% (31/35)   Compressing objects:  91% (32/35)   Compressing objects:  94% (33/35)   Compressing objects:  97% (34/35)   Compressing objects: 100% (35/35)   Compressing objects: 100% (35/35), done.
Writing objects:   2% (1/42)   Writing objects:   4% (2/42)   Writing objects:   9% (4/42)   Writing objects:  11% (5/42)   Writing objects:  14% (6/42)   Writing objects:  16% (7/42)   Writing objects:  19% (8/42)   Writing objects:  21% (9/42)   Writing objects:  23% (10/42)   Writing objects:  26% (11/42)   Writing objects:  28% (12/42)   Writing objects:  30% (13/42)   Writing objects:  33% (14/42)   Writing objects:  35% (15/42)   Writing objects:  38% (16/42)   Writing objects:  40% (17/42)   Writing objects:  42% (18/42)   Writing objects:  45% (19/42)   Writing objects:  47% (20/42)   Writing objects:  50% (21/42)   Writing objects:  52% (22/42)   Writing objects:  54% (23/42)   Writing objects:  57% (24/42)   Writing objects:  59% (25/42)   Writing objects:  61% (26/42)   Writing objects:  64% (27/42)   Writing objects:  66% (28/42)   Writing objects:  69% (29/42)   Writing objects:  71% (30/42)   Writing objects:  73% (31/42)   Writing objects:  76% (32/42)   Writing objects:  78% (33/42)   Writing objects:  80% (34/42)   Writing objects:  83% (35/42)   Writing objects:  85% (36/42)   Writing objects:  88% (37/42)   Writing objects:  90% (38/42)   Writing objects:  92% (39/42)   Writing objects:  95% (40/42)   Writing objects:  97% (41/42)   Writing objects: 100% (42/42)   Writing objects: 100% (42/42), 299.21 KiB | 2.09 MiB/s, done.
Total 42 (delta 18), reused 0 (delta 0)
remote: Resolving deltas:   0% (0/18)   [Kremote: Resolving deltas:   5% (1/18)   [Kremote: Resolving deltas:  11% (2/18)   [Kremote: Resolving deltas:  16% (3/18)   [Kremote: Resolving deltas:  22% (4/18)   [Kremote: Resolving deltas:  27% (5/18)   [Kremote: Resolving deltas:  33% (6/18)   [Kremote: Resolving deltas:  38% (7/18)   [Kremote: Resolving deltas:  44% (8/18)   [Kremote: Resolving deltas:  50% (9/18)   [Kremote: Resolving deltas:  55% (10/18)   [Kremote: Resolving deltas:  61% (11/18)   [Kremote: Resolving deltas:  66% (12/18)   [Kremote: Resolving deltas:  72% (13/18)   [Kremote: Resolving deltas:  77% (14/18)   [Kremote: Resolving deltas:  83% (15/18)   [Kremote: Resolving deltas:  88% (16/18)   [Kremote: Resolving deltas:  94% (17/18)   [Kremote: Resolving deltas: 100% (18/18)   [Kremote: Resolving deltas: 100% (18/18), completed with 17 local objects.[K
To https://github.com/rabsjp/inoutpaper.git
   48ceb7c..e83c3b4  master -> master
[KMU00151931X:inoutrab jrab0004$ ls
codes			fmtsimu.R		inoutppt.Rmd		medianspell.png		run_fmtsimu.R
custom.css		inoutarea.mov		inoutppt.html		outline.Rmd		surv_weibull.png
data			inoutarea.pdf		inoutrab.Rproj		outline.nb.html		tableswitch.png
example.png		inoutpc.m4v		jarabe.R		pout.png
]0;~/Desktop/jotarepos/inoutrabMU00151931X:inoutrab jrab0004$ git pull origin master[K[K[K[K[K[K[K[K[K[K[K[K[K[K[K[K[K[K[K[K[K[Kcd . [K. 
]0;~/Desktop/jotareposMU00151931X:jotarepos jrab0004$ cd inoutrab/
]0;~/Desktop/jotarepos/inoutrabMU00151931X:inoutrab jrab0004$ git pull origin master
remote: Enumerating objects: 37, done.[K
remote: Counting objects:   2% (1/37)   [Kremote: Counting objects:   5% (2/37)   [Kremote: Counting objects:   8% (3/37)   [Kremote: Counting objects:  10% (4/37)   [Kremote: Counting objects:  13% (5/37)   [Kremote: Counting objects:  16% (6/37)   [Kremote: Counting objects:  18% (7/37)   [Kremote: Counting objects:  21% (8/37)   [Kremote: Counting objects:  24% (9/37)   [Kremote: Counting objects:  27% (10/37)   [Kremote: Counting objects:  29% (11/37)   [Kremote: Counting objects:  32% (12/37)   [Kremote: Counting objects:  35% (13/37)   [Kremote: Counting objects:  37% (14/37)   [Kremote: Counting objects:  40% (15/37)   [Kremote: Counting objects:  43% (16/37)   [Kremote: Counting objects:  45% (17/37)   [Kremote: Counting objects:  48% (18/37)   [Kremote: Counting objects:  51% (19/37)   [Kremote: Counting objects:  54% (20/37)   [Kremote: Counting objects:  56% (21/37)   [Kremote: Counting objects:  59% (22/37)   [Kremote: Counting objects:  62% (23/37)   [Kremote: Counting objects:  64% (24/37)   [Kremote: Counting objects:  67% (25/37)   [Kremote: Counting objects:  70% (26/37)   [Kremote: Counting objects:  72% (27/37)   [Kremote: Counting objects:  75% (28/37)   [Kremote: Counting objects:  78% (29/37)   [Kremote: Counting objects:  81% (30/37)   [Kremote: Counting objects:  83% (31/37)   [Kremote: Counting objects:  86% (32/37)   [Kremote: Counting objects:  89% (33/37)   [Kremote: Counting objects:  91% (34/37)   [Kremote: Counting objects:  94% (35/37)   [Kremote: Counting objects:  97% (36/37)   [Kremote: Counting objects: 100% (37/37)   [Kremote: Counting objects: 100% (37/37), done.[K
remote: Compressing objects:   6% (1/16)   [Kremote: Compressing objects:  12% (2/16)   [Kremote: Compressing objects:  18% (3/16)   [Kremote: Compressing objects:  25% (4/16)   [Kremote: Compressing objects:  31% (5/16)   [Kremote: Compressing objects:  37% (6/16)   [Kremote: Compressing objects:  43% (7/16)   [Kremote: Compressing objects:  50% (8/16)   [Kremote: Compressing objects:  56% (9/16)   [Kremote: Compressing objects:  62% (10/16)   [Kremote: Compressing objects:  68% (11/16)   [Kremote: Compressing objects:  75% (12/16)   [Kremote: Compressing objects:  81% (13/16)   [Kremote: Compressing objects:  87% (14/16)   [Kremote: Compressing objects:  93% (15/16)   [Kremote: Compressing objects: 100% (16/16)   [Kremote: Compressing objects: 100% (16/16), done.[K
Unpacking objects:   3% (1/27)   Unpacking objects:   7% (2/27)   Unpacking objects:  11% (3/27)   Unpacking objects:  14% (4/27)   Unpacking objects:  18% (5/27)   Unpacking objects:  22% (6/27)   Unpacking objects:  25% (7/27)   Unpacking objects:  29% (8/27)   Unpacking objects:  33% (9/27)   Unpacking objects:  37% (10/27)   Unpacking objects:  40% (11/27)   Unpacking objects:  44% (12/27)   Unpacking objects:  48% (13/27)   Unpacking objects:  51% (14/27)   Unpacking objects:  55% (15/27)   Unpacking objects:  59% (16/27)   Unpacking objects:  62% (17/27)   Unpacking objects:  66% (18/27)   Unpacking objects:  70% (19/27)   remote: Total 27 (delta 11), reused 25 (delta 9), pack-reused 0[K
Unpacking objects:  74% (20/27)   Unpacking objects:  77% (21/27)   Unpacking objects:  81% (22/27)   Unpacking objects:  85% (23/27)   Unpacking objects:  88% (24/27)   Unpacking objects:  92% (25/27)   Unpacking objects:  96% (26/27)   Unpacking objects: 100% (27/27)   Unpacking objects: 100% (27/27), done.
From https://github.com/rabsjp/inoutpaper
 * branch            master     -> FETCH_HEAD
   e83c3b4..295b858  master     -> origin/master
Updating e83c3b4..295b858
Fast-forward
 .Rproj.user/shared/notebooks/paths |  17 [32m++++++[m[31m-----------[m
 codes/getall.R                     |  57 [32m+++++++++++++++++++++++++++[m[31m------------------------------[m
 jarabe.R => codes/jarabe.R         |  20 [32m++++++++++[m[31m----------[m
 codes/run_expectations.R           |  61 [32m+++++++++++++++++++++++++++++++++++++++++++++++++++++++++++++[m
 data/O/rational.Rda                | Bin [31m0[m -> [32m1600[m bytes
 data/datax.Rda                     | Bin [31m0[m -> [32m16180[m bytes
 data/inoutdata.Rda                 | Bin [31m0[m -> [32m62688[m bytes
 data/rational.Rda                  | Bin [31m0[m -> [32m1600[m bytes
 fmtsimu.R                          |   2 [32m+[m[31m-[m
 9 files changed, 105 insertions(+), 52 deletions(-)
 rename jarabe.R => codes/jarabe.R (77%)
 create mode 100644 codes/run_expectations.R
 create mode 100644 data/O/rational.Rda
 create mode 100644 data/datax.Rda
 create mode 100644 data/inoutdata.Rda
 create mode 100644 data/rational.Rda
[KMU00151931X:inoutrab jrab0004$ redis-server /usr/local/etc/redis.conf[C[C[C[C[C[C[C[C[C[C[C[C[C[C[C[C[C[C[C[C[C[C[C[C[C[C[C[C[C[C[C[14Potree runprodserver 8080[11Pesetdbunprodserver 8080redis-server /usr/local/etc/redis.conf[C[C[C[C[C[C[C[C[C[C[C[C[C[C[C[C[C[C[C[C[C[C[C[C[C[C[C[C[C[C[C[Kgit add . 